1765380971983:/help
1765381643622:help
1765381653872:stacktrace
1765382325569:help
1765431614877:command
1765432268667:godly
1765432570775:hello
1765432740083:good moringin what day is todya
1765432809401:what day is todya
1765433020056:good moring
1765433186135:hello
1765434435091:good moring
1765434746667:oh damn you are fast
1765434943165:so cna you tell me about react native in 100 words
1765435038398:tell me about react native in detail make it at least 1000 word long
1765437688228:hey what model are you
1765437741762:hey
1765437848840:hwy
1765437880771:what is todays problem of the day leetcode
1765438057008:my name is godly and i have quesrion what is today problem of day on leetcode dated 11-12-2025
1765438090936:what is my name
1765438127568:and what is todays date
1765446216429:command
1765449538155:commnad
1765449552139:help
1765449557258:command
1765452219894:can you tell me about ChatClientConfig from this project
1765452241700:what is chatClient config
1765452397033:what is in BasicCommnads
1765452483173:what server ami running this project on
1765452979421:command
1765453331543:files
1765453468736:command
1765453941010:can you tell me about chatmemoryconfig
1765453987804:ok then what was most serach cmd in my logs
